### Step 2A 
Pwd
/Users/marissajacklyn

### Step 2B
Cd Desktop


### Step 2C
Cd unit1-git-practice


### Step 2D
Pwd
/Users/marissajacklyn/Desktop/unit1-git-practice


### Step 2E
ls

### Step 2F
my-steps.txt


### Step 2G
Cd ~


### Step 2H
/Users/marissajacklyn


### Step 2I
 ls -a
.			.vscode			Downloads
..			.zsh_history		Library
.CFUserTextEncoding	.zsh_sessions		Movies
.DS_Store		Applications		Music
.Trash			Desktop			Pictures
.gitconfig		Documents		Public


### Step 2J 
cd ~

### Step 2K 
 cd /Users/marissajacklyn/Desktop/unit1-git-practice


### Step 3A
marissajacklyn@Marissas-MacBook-Air unit1-git-practice % mkdir veggies
marissajacklyn@Marissas-MacBook-Air unit1-git-practice % mkdir meats
marissajacklyn@Marissas-MacBook-Air unit1-git-practice % mkdir desssers


### Step 3B
marissajacklyn@Marissas-MacBook-Air unit1-git-practice % mv desssers sweets
(Spelt wrong the first time oops)

### Step 3C
marissajacklyn@Marissas-MacBook-Air unit1-git-practice % mkdir protiens

### Step 3D
marissajacklyn@Marissas-MacBook-Air unit1-git-practice % cp -r meats protiens

### Step 3E
marissajacklyn@Marissas-MacBook-Air unit1-git-practice % cd /Users/marissajacklyn/Desktop/unit1-git-practice/veggies 
marissajacklyn@Marissas-MacBook-Air veggies % pwd
/Users/marissajacklyn/Desktop/unit1-git-practice/veggies
marissajacklyn@Marissas-MacBook-Air veggies % touch carrot.txt
marissajacklyn@Marissas-MacBook-Air veggies % touch pea.txt


### Step 3F
marissajacklyn@Marissas-MacBook-Air veggies % cd ..
marissajacklyn@Marissas-MacBook-Air unit1-git-practice % pwd
/Users/marissajacklyn/Desktop/unit1-git-practice
marissajacklyn@Marissas-MacBook-Air unit1-git-practice % cd sweets
marissajacklyn@Marissas-MacBook-Air sweets % pwd
/Users/marissajacklyn/Desktop/unit1-git-practice/sweets
marissajacklyn@Marissas-MacBook-Air sweets % touch cookie.txt
marissajacklyn@Marissas-MacBook-Air sweets % ls
cookie.txt


### Step 3G
marissajacklyn@Marissas-MacBook-Air sweets % mv cookie.txt donut.txt 
(Accidenally copied meats into protiens instead of moving it)
marissajacklyn@Marissas-MacBook-Air sweets % cd ..
marissajacklyn@Marissas-MacBook-Air unit1-git-practice % rm -r meats
marissajacklyn@Marissas-MacBook-Air unit1-git-practice % ls
my-steps.txt	protiens	sweets		veggies
marissajacklyn@Marissas-MacBook-Air unit1-git-practice % cd protiens
marissajacklyn@Marissas-MacBook-Air protiens % ls
meats

### Step 3H
marissajacklyn@Marissas-MacBook-Air protiens % cd ..
marissajacklyn@Marissas-MacBook-Air unit1-git-practice % touch thing.txt

### Step 3I
marissajacklyn@Marissas-MacBook-Air unit1-git-practice % touch tofu.txt
marissajacklyn@Marissas-MacBook-Air unit1-git-practice % cp thing.txt tofu.txt

### Step 3J
marissajacklyn@Marissas-MacBook-Air unit1-git-practice % mv tofu.txt protiens 

### Step 3K
marissajacklyn@Marissas-MacBook-Air unit1-git-practice % touch crab.txt
marissajacklyn@Marissas-MacBook-Air unit1-git-practice % cp thing.txt crab.txt
marissajacklyn@Marissas-MacBook-Air unit1-git-practice % mv crab.txt protiens 
marissajacklyn@Marissas-MacBook-Air unit1-git-practice % cd protiens   
marissajacklyn@Marissas-MacBook-Air protiens % mv crab.txt meats 
marissajacklyn@Marissas-MacBook-Air meats % ls
crab.txt


### Step 3L
marissajacklyn@Marissas-MacBook-Air meats % cd ..
marissajacklyn@Marissas-MacBook-Air protiens % cd ..
marissajacklyn@Marissas-MacBook-Air unit1-git-practice % cd unit1-git-practice
cd: no such file or directory: unit1-git-practice
marissajacklyn@Marissas-MacBook-Air unit1-git-practice % cd ..
marissajacklyn@Marissas-MacBook-Air Desktop % pwd
/Users/marissajacklyn/Desktop
marissajacklyn@Marissas-MacBook-Air Desktop % cd unit1-git-practice 
marissajacklyn@Marissas-MacBook-Air unit1-git-practice % rm thing.txt

### Step 3M
marissajacklyn@Marissas-MacBook-Air unit1-git-practice % cp -r veggies plants

### Step 3N
marissajacklyn@Marissas-MacBook-Air unit1-git-practice % mkdir drinks
marissajacklyn@Marissas-MacBook-Air unit1-git-practice % rm -r drinks 


### Step 4
marissajacklyn@Marissas-MacBook-Air unit1-git-practice % git init
hint: Using 'master' as the name for the initial branch. This default branch name
hint: is subject to change. To configure the initial branch name to use in all
hint: of your new repositories, which will suppress this warning, call:
hint: 
hint: 	git config --global init.defaultBranch <name>
hint: 
hint: Names commonly chosen instead of 'master' are 'main', 'trunk' and
hint: 'development'. The just-created branch can be renamed via this command:
hint: 
hint: 	git branch -m <name>
Initialized empty Git repository in /Users/marissajacklyn/Desktop/unit1-git-practice/.git/
marissajacklyn@Marissas-MacBook-Air unit1-git-practice % git add .
marissajacklyn@Marissas-MacBook-Air unit1-git-practice % git status
On branch master

No commits yet

Changes to be committed:
  (use "git rm --cached <file>..." to unstage)
	new file:   .DS_Store
	new file:   my-steps.txt
	new file:   plants/carrot.txt
	new file:   plants/pea.txt
	new file:   protiens/.DS_Store
	new file:   protiens/meats/crab.txt
	new file:   protiens/tofu.txt
	new file:   sweets/donut.txt
	new file:   veggies/carrot.txt
	new file:   veggies/pea.txt

marissajacklyn@Marissas-MacBook-Air unit1-git-practice % git commit -m "first commit git  practice"
[master (root-commit) ceda73f] first commit git  practice
 10 files changed, 147 insertions(+)
 create mode 100644 .DS_Store
 create mode 100644 my-steps.txt
 create mode 100644 plants/carrot.txt
 create mode 100644 plants/pea.txt
 create mode 100644 protiens/.DS_Store
 create mode 100644 protiens/meats/crab.txt
 create mode 100644 protiens/tofu.txt
 create mode 100644 sweets/donut.txt
 create mode 100644 veggies/carrot.txt
 create mode 100644 veggies/pea.txt



### Step 5
marissajacklyn@Marissas-MacBook-Air unit1-git-practice % git remote add origin https://github.com/missamarie1/unit1-git-practice.git
git branch -M main
git push -u origin main
Enumerating objects: 10, done.
Counting objects: 100% (10/10), done.
Delta compression using up to 8 threads
Compressing objects: 100% (7/7), done.
Writing objects: 100% (10/10), 2.15 KiB | 1.08 MiB/s, done.
Total 10 (delta 1), reused 0 (delta 0), pack-reused 0
remote: Resolving deltas: 100% (1/1), done.
To https://github.com/missamarie1/unit1-git-practice.git
 * [new branch]      main -> main
Branch 'main' set up to track remote branch 'main' from 'origin'.

### Step 6
marissajacklyn@Marissas-MacBook-Air unit1-git-practice % cd    
marissajacklyn@Marissas-MacBook-Air ~ % pwd
/Users/marissajacklyn
marissajacklyn@Marissas-MacBook-Air ~ % cd /Users/marissajacklyn/Desktop/unit1-git-practice
marissajacklyn@Marissas-MacBook-Air unit1-git-practice % touch menu.txt
marissajacklyn@Marissas-MacBook-Air unit1-git-practice % ls
menu.txt	plants		sweets
my-steps.txt	protiens	veggies
marissajacklyn@Marissas-MacBook-Air unit1-git-practice % git status
On branch main
Your branch is up to date with 'origin/main'.

Changes not staged for commit:
  (use "git add <file>..." to update what will be committed)
  (use "git restore <file>..." to discard changes in working directory)
	modified:   my-steps.txt

Untracked files:
  (use "git add <file>..." to include in what will be committed)
	menu.txt

no changes added to commit (use "git add" and/or "git commit -a")
marissajacklyn@Marissas-MacBook-Air unit1-git-practice % pwd
/Users/marissajacklyn/Desktop/unit1-git-practice
marissajacklyn@Marissas-MacBook-Air unit1-git-practice % git add .
marissajacklyn@Marissas-MacBook-Air unit1-git-practice % git commit -m 'starting a menu'
[main a234424] starting a menu
 2 files changed, 58 insertions(+), 1 deletion(-)
 create mode 100644 menu.txt
marissajacklyn@Marissas-MacBook-Air unit1-git-practice % git push
Enumerating objects: 6, done.
Counting objects: 100% (6/6), done.
Delta compression using up to 8 threads
Compressing objects: 100% (3/3), done.
Writing objects: 100% (4/4), 1.24 KiB | 1.24 MiB/s, done.
Total 4 (delta 2), reused 0 (delta 0), pack-reused 0
remote: Resolving deltas: 100% (2/2), completed with 2 local objects.
To https://github.com/missamarie1/unit1-git-practice.git
   ceda73f..a234424  main -> main


### Step 7
*** DO NOT RECORD STEP 7 ***